[gb10 21:37:00] pinning campaign to X925 cores: 5-9,15-19
[gb10 21:37:00] label: depth-fp8mtp-k3-r1
[gb10 21:37:00] dir: profiles/bench/gb10/step7a-depth-fp8mtp-k3-r1
[gb10 21:37:00] dropping page cache before server start
[gb10 21:37:00] starting server on port 8000 (log: profiles/bench/gb10/step7a-depth-fp8mtp-k3-r1/server.log)
[gb10 21:37:24] server healthy after 5s
[gb10 21:37:24] phase 2: MTP acceptance serving run
[gb10 21:42:58] phase 2 done: profiles/bench/gb10/step7a-depth-fp8mtp-k3-r1/acceptance.json
[gb10 21:42:58] stopping server (pid 183517)
[gb10 21:43:01] summary: profiles/bench/gb10/step7a-depth-fp8mtp-k3-r1/summary.md
# Step 7a baseline: depth-fp8mtp-k3-r1

- Host: Linux 6.17.0-1029-nvidia aarch64; Ubuntu 24.04.4 LTS
- Commit: 88e04123
- nvcc: release 13.0, V13.0.88
- GPU/driver: NVIDIA GB10, 580.173.02
- Artifact: qwen3_8_flash_next_125b_a6b_nvfp4_fp8_mtp.ninfer, 119G (multi-volume total)

- Artifact: `/home/apollo11/ninfer-gb10/out/fp8mtp/qwen3_8_flash_next_125b_a6b_nvfp4_fp8_mtp.ninfer`
- Serve args: --max-context 73728 --max-concurrency 1 --kv-dtype fp8 --spec mtp --draft-tokens 3 --lm-head-draft --preserve-thinking
- KV dtype (perplexity): fp8
- CPU: pinned to X925 cores 5-9,15-19 (taskset)

## 1. Perplexity token scores (fixed corpus, default protocol)

- report.json: missing or no overall section

Product table (stdout):

```
(missing)
```

## 2. MTP acceptance (serving run, greedy, 1024 tokens/stream)

- requests: 16, rounds: 6224
- drafted: 18660, accepted: 9966
- acceptance ratio (accepted/drafted): 0.534084
- fallback steps: 9
- per-position per-round: {'0': 0.716902, '1': 0.508033, '2': 0.376285}
- generated tokens: 16215 total, 855-1024 per stream
- wall time: 331s total

## 3. TEB hardmode (--seed 42; single trial by default, TEB_TRIALS overrides)

Report dir: `teb/`. Console output (tail):

```
(missing)
```
[gb10 21:43:01] pinning campaign to X925 cores: 5-9,15-19
[gb10 21:43:01] label: depth-fp8mtp-k3-r2
[gb10 21:43:01] dir: profiles/bench/gb10/step7a-depth-fp8mtp-k3-r2
[gb10 21:43:01] dropping page cache before server start
[gb10 21:43:01] starting server on port 8000 (log: profiles/bench/gb10/step7a-depth-fp8mtp-k3-r2/server.log)
[gb10 21:43:25] server healthy after 5s
[gb10 21:43:25] phase 2: MTP acceptance serving run
[gb10 21:49:00] phase 2 done: profiles/bench/gb10/step7a-depth-fp8mtp-k3-r2/acceptance.json
[gb10 21:49:00] stopping server (pid 184606)
[gb10 21:49:03] summary: profiles/bench/gb10/step7a-depth-fp8mtp-k3-r2/summary.md
# Step 7a baseline: depth-fp8mtp-k3-r2

- Host: Linux 6.17.0-1029-nvidia aarch64; Ubuntu 24.04.4 LTS
- Commit: 88e04123
- nvcc: release 13.0, V13.0.88
- GPU/driver: NVIDIA GB10, 580.173.02
- Artifact: qwen3_8_flash_next_125b_a6b_nvfp4_fp8_mtp.ninfer, 119G (multi-volume total)

- Artifact: `/home/apollo11/ninfer-gb10/out/fp8mtp/qwen3_8_flash_next_125b_a6b_nvfp4_fp8_mtp.ninfer`
- Serve args: --max-context 73728 --max-concurrency 1 --kv-dtype fp8 --spec mtp --draft-tokens 3 --lm-head-draft --preserve-thinking
- KV dtype (perplexity): fp8
- CPU: pinned to X925 cores 5-9,15-19 (taskset)

## 1. Perplexity token scores (fixed corpus, default protocol)

- report.json: missing or no overall section

Product table (stdout):

```
(missing)
```

## 2. MTP acceptance (serving run, greedy, 1024 tokens/stream)

- requests: 16, rounds: 6224
- drafted: 18660, accepted: 9966
- acceptance ratio (accepted/drafted): 0.534084
- fallback steps: 9
- per-position per-round: {'0': 0.716902, '1': 0.508033, '2': 0.376285}
- generated tokens: 16215 total, 855-1024 per stream
- wall time: 332s total

## 3. TEB hardmode (--seed 42; single trial by default, TEB_TRIALS overrides)

Report dir: `teb/`. Console output (tail):

```
(missing)
```
[gb10 21:49:03] pinning campaign to X925 cores: 5-9,15-19
[gb10 21:49:03] label: depth-fp8mtp-k4-r1
[gb10 21:49:03] dir: profiles/bench/gb10/step7a-depth-fp8mtp-k4-r1
[gb10 21:49:03] dropping page cache before server start
[gb10 21:49:03] starting server on port 8000 (log: profiles/bench/gb10/step7a-depth-fp8mtp-k4-r1/server.log)
Server exited during startup. Last log lines:
2026-10-10 21:49:04.209  INFO  starting engine
2026-10-10 21:49:05.031  ERROR startup failed | starting engine | 821 ms
2026-10-10 21:49:05.031  FATAL server failed during startup | MTP draft window must be in [1,3]
